\BOOKMARK [0][-]{chapter*.1}{\376\377\000R\000e\000m\000e\000r\000c\000i\000e\000m\000e\000n\000t\000s}{}% 1
\BOOKMARK [0][-]{chapter*.5}{\376\377\000I\000n\000t\000r\000o\000d\000u\000c\000t\000i\000o\000n\000\040\000G\000\351\000n\000\351\000r\000a\000l\000e}{}% 2
\BOOKMARK [0][-]{chapter.1}{\376\377\000C\000o\000n\000t\000e\000x\000t\000e\000\040\000G\000\351\000n\000\351\000r\000a\000l\000\040\000d\000u\000\040\000P\000r\000o\000j\000e\000t}{}% 3
\BOOKMARK [1][-]{section.1.1}{\376\377\000P\000r\000\351\000s\000e\000n\000t\000a\000t\000i\000o\000n\000\040\000d\000e\000\040\000l\000'\000e\000n\000t\000r\000e\000p\000r\000i\000s\000e\000\040\000d\000'\000a\000c\000c\000u\000e\000i\000l}{chapter.1}% 4
\BOOKMARK [2][-]{subsection.1.1.1}{\376\377\000P\000r\000\351\000s\000e\000n\000t\000a\000t\000i\000o\000n\000\040\000d\000u\000\040\000s\000e\000r\000v\000i\000c\000e\000\040\000d\000'\000a\000c\000c\000u\000e\000i\000l}{section.1.1}% 5
\BOOKMARK [1][-]{section.1.2}{\376\377\000C\000o\000n\000t\000e\000x\000t\000e\000\040\000d\000u\000\040\000p\000r\000o\000j\000e\000t}{chapter.1}% 6
\BOOKMARK [1][-]{section.1.3}{\376\377\000P\000r\000o\000b\000l\000\351\000m\000a\000t\000i\000q\000u\000e}{chapter.1}% 7
\BOOKMARK [1][-]{section.1.4}{\376\377\000O\000b\000j\000e\000c\000t\000i\000f\000s\000\040\000d\000u\000\040\000s\000t\000a\000g\000e}{chapter.1}% 8
\BOOKMARK [1][-]{section.1.5}{\376\377\000M\000\351\000t\000h\000o\000d\000o\000l\000o\000g\000i\000e\000\040\000d\000e\000\040\000t\000r\000a\000v\000a\000i\000l}{chapter.1}% 9
\BOOKMARK [2][-]{subsection.1.5.1}{\376\377\000L\000e\000s\000\040\000s\000i\000x\000\040\000d\000\351\000f\000i\000n\000i\000t\000i\000o\000n\000s\000\040\000d\000e\000\040\000p\000r\000o\000b\000l\000\350\000m\000e\000\040\000i\000n\000i\000t\000i\000a\000l\000e\000s}{section.1.5}% 10
\BOOKMARK [2][-]{subsection.1.5.2}{\376\377\000P\000i\000p\000e\000l\000i\000n\000e\000\040\000d\000e\000\040\000d\000\351\000v\000e\000l\000o\000p\000p\000e\000m\000e\000n\000t\000\040\000d\000e\000\040\000m\000o\000d\000\350\000l\000e\000\040\000e\000n\000\040\000h\000u\000i\000t\000\040\000\351\000t\000a\000p\000e\000s}{section.1.5}% 11
\BOOKMARK [2][-]{subsection.1.5.3}{\376\377\000R\000\351\000c\000a\000p\000i\000t\000u\000l\000a\000t\000i\000f}{section.1.5}% 12
\BOOKMARK [1][-]{section.1.6}{\376\377\000P\000l\000a\000n\000n\000i\000n\000g\000\040\000d\000u\000\040\000s\000t\000a\000g\000e}{chapter.1}% 13
\BOOKMARK [0][-]{chapter.2}{\376\377\000A\000n\000a\000l\000y\000s\000e\000\040\000e\000t\000\040\000S\000p\000\351\000c\000i\000f\000i\000c\000a\000t\000i\000o\000n\000\040\000d\000e\000s\000\040\000B\000e\000s\000o\000i\000n\000s}{}% 14
\BOOKMARK [1][-]{section.2.1}{\376\377\000I\000d\000e\000n\000t\000i\000f\000i\000c\000a\000t\000i\000o\000n\000\040\000d\000e\000s\000\040\000a\000c\000t\000e\000u\000r\000s}{chapter.2}% 15
\BOOKMARK [2][-]{subsection.2.1.1}{\376\377\000R\000\351\000c\000a\000p\000i\000t\000u\000l\000a\000t\000i\000f}{section.2.1}% 16
\BOOKMARK [1][-]{section.2.2}{\376\377\000B\000e\000s\000o\000i\000n\000s\000\040\000f\000o\000n\000c\000t\000i\000o\000n\000n\000e\000l\000s}{chapter.2}% 17
\BOOKMARK [2][-]{subsection.2.2.1}{\376\377\000A\000u\000t\000h\000e\000n\000t\000i\000f\000i\000c\000a\000t\000i\000o\000n\000\040\000e\000t\000\040\000g\000e\000s\000t\000i\000o\000n\000\040\000d\000e\000s\000\040\000a\000c\000c\000\350\000s}{section.2.2}% 18
\BOOKMARK [2][-]{subsection.2.2.2}{\376\377\000G\000e\000s\000t\000i\000o\000n\000\040\000d\000e\000s\000\040\000u\000t\000i\000l\000i\000s\000a\000t\000e\000u\000r\000s\000\040\000e\000t\000\040\000d\000e\000s\000\040\000r\000\364\000l\000e\000s}{section.2.2}% 19
\BOOKMARK [2][-]{subsection.2.2.3}{\376\377\000G\000e\000s\000t\000i\000o\000n\000\040\000d\000u\000\040\000p\000a\000r\000c\000\040\000m\000a\000c\000h\000i\000n\000e\000s}{section.2.2}% 20
\BOOKMARK [2][-]{subsection.2.2.4}{\376\377\000\311\000t\000i\000q\000u\000e\000t\000a\000g\000e\000\040\000d\000e\000s\000\040\000m\000a\000c\000h\000i\000n\000e\000s}{section.2.2}% 21
\BOOKMARK [2][-]{subsection.2.2.5}{\376\377\000G\000e\000s\000t\000i\000o\000n\000\040\000d\000e\000s\000\040\000o\000r\000d\000r\000e\000s\000\040\000d\000e\000\040\000t\000r\000a\000v\000a\000i\000l}{section.2.2}% 22
\BOOKMARK [2][-]{subsection.2.2.6}{\376\377\000G\000e\000s\000t\000i\000o\000n\000\040\000d\000e\000s\000\040\000o\000r\000d\000r\000e\000s\000\040\000d\000'\000i\000n\000t\000e\000r\000v\000e\000n\000t\000i\000o\000n}{section.2.2}% 23
\BOOKMARK [2][-]{subsection.2.2.7}{\376\377\000P\000l\000a\000n\000i\000f\000i\000c\000a\000t\000i\000o\000n\000\040\000d\000e\000s\000\040\000i\000n\000t\000e\000r\000v\000e\000n\000t\000i\000o\000n\000s}{section.2.2}% 24
\BOOKMARK [2][-]{subsection.2.2.8}{\376\377\000C\000o\000l\000l\000e\000c\000t\000e\000\040\000e\000t\000\040\000s\000u\000p\000e\000r\000v\000i\000s\000i\000o\000n\000\040\000d\000e\000s\000\040\000d\000o\000n\000n\000\351\000e\000s\000\040\000d\000e\000\040\000t\000\351\000l\000\351\000m\000\351\000t\000r\000i\000e}{section.2.2}% 25
\BOOKMARK [2][-]{subsection.2.2.9}{\376\377\000P\000r\000\351\000d\000i\000c\000t\000i\000o\000n\000s\000\040\000p\000a\000r\000\040\000a\000p\000p\000r\000e\000n\000t\000i\000s\000s\000a\000g\000e\000\040\000a\000u\000t\000o\000m\000a\000t\000i\000q\000u\000e}{section.2.2}% 26
\BOOKMARK [2][-]{subsection.2.2.10}{\376\377\000A\000l\000e\000r\000t\000e\000s\000\040\000e\000t\000\040\000n\000o\000t\000i\000f\000i\000c\000a\000t\000i\000o\000n\000s}{section.2.2}% 27
\BOOKMARK [2][-]{subsection.2.2.11}{\376\377\000C\000o\000o\000r\000d\000i\000n\000a\000t\000i\000o\000n\000\040\000d\000e\000s\000\040\000p\000i\000\350\000c\000e\000s\000\040\000d\000\351\000t\000a\000c\000h\000\351\000e\000s}{section.2.2}% 28
\BOOKMARK [2][-]{subsection.2.2.12}{\376\377\000B\000a\000s\000e\000\040\000d\000e\000\040\000c\000o\000n\000n\000a\000i\000s\000s\000a\000n\000c\000e\000s\000\040\000e\000t\000\040\000a\000s\000s\000i\000s\000t\000a\000n\000t\000\040\000c\000o\000n\000v\000e\000r\000s\000a\000t\000i\000o\000n\000n\000e\000l}{section.2.2}% 29
\BOOKMARK [2][-]{subsection.2.2.13}{\376\377\000T\000a\000b\000l\000e\000a\000u\000x\000\040\000d\000e\000\040\000b\000o\000r\000d\000\040\000e\000t\000\040\000r\000a\000p\000p\000o\000r\000t\000s}{section.2.2}% 30
\BOOKMARK [2][-]{subsection.2.2.14}{\376\377\000A\000r\000c\000h\000i\000v\000a\000g\000e\000\040\000e\000t\000\040\000t\000r\000a\000\347\000a\000b\000i\000l\000i\000t\000\351}{section.2.2}% 31
\BOOKMARK [2][-]{subsection.2.2.15}{\376\377\000S\000\351\000c\000u\000r\000i\000t\000\351\000\040\000a\000p\000p\000l\000i\000c\000a\000t\000i\000v\000e}{section.2.2}% 32
\BOOKMARK [2][-]{subsection.2.2.16}{\376\377\000P\000i\000p\000e\000l\000i\000n\000e\000\040\000D\000e\000v\000S\000e\000c\000O\000p\000s}{section.2.2}% 33
\BOOKMARK [2][-]{subsection.2.2.17}{\376\377\000R\000\351\000c\000a\000p\000i\000t\000u\000l\000a\000t\000i\000f}{section.2.2}% 34
\BOOKMARK [1][-]{section.2.3}{\376\377\000B\000e\000s\000o\000i\000n\000s\000\040\000n\000o\000n\000\040\000f\000o\000n\000c\000t\000i\000o\000n\000n\000e\000l\000s}{chapter.2}% 35
\BOOKMARK [2][-]{subsection.2.3.1}{\376\377\000P\000i\000l\000e\000s\000\040\000D\000o\000c\000k\000e\000r\000\040\000C\000o\000m\000p\000o\000s\000e}{section.2.3}% 36
\BOOKMARK [2][-]{subsection.2.3.2}{\376\377\000P\000e\000r\000f\000o\000r\000m\000a\000n\000c\000e}{section.2.3}% 37
\BOOKMARK [2][-]{subsection.2.3.3}{\376\377\000D\000i\000s\000p\000o\000n\000i\000b\000i\000l\000i\000t\000\351\000\040\000e\000t\000\040\000r\000\351\000s\000i\000l\000i\000e\000n\000c\000e}{section.2.3}% 38
\BOOKMARK [2][-]{subsection.2.3.4}{\376\377\000M\000a\000i\000n\000t\000e\000n\000a\000b\000i\000l\000i\000t\000\351\000\040\000e\000t\000\040\000\351\000v\000o\000l\000u\000t\000i\000v\000i\000t\000\351}{section.2.3}% 39
\BOOKMARK [2][-]{subsection.2.3.5}{\376\377\000P\000o\000r\000t\000a\000b\000i\000l\000i\000t\000\351\000\040\000e\000t\000\040\000d\000\351\000p\000l\000o\000i\000e\000m\000e\000n\000t}{section.2.3}% 40
\BOOKMARK [2][-]{subsection.2.3.6}{\376\377\000E\000r\000g\000o\000n\000o\000m\000i\000e\000\040\000e\000t\000\040\000u\000t\000i\000l\000i\000s\000a\000b\000i\000l\000i\000t\000\351}{section.2.3}% 41
\BOOKMARK [2][-]{subsection.2.3.7}{\376\377\000I\000n\000t\000\351\000g\000r\000i\000t\000\351\000\040\000e\000t\000\040\000c\000o\000n\000f\000i\000d\000e\000n\000t\000i\000a\000l\000i\000t\000\351\000\040\000d\000e\000s\000\040\000d\000o\000n\000n\000\351\000e\000s}{section.2.3}% 42
\BOOKMARK [2][-]{subsection.2.3.8}{\376\377\000R\000\351\000c\000a\000p\000i\000t\000u\000l\000a\000t\000i\000f}{section.2.3}% 43
\BOOKMARK [0][-]{chapter.3}{\376\377\000C\000o\000n\000c\000e\000p\000t\000i\000o\000n}{}% 44
\BOOKMARK [1][-]{section.3.1}{\376\377\000A\000r\000c\000h\000i\000t\000e\000c\000t\000u\000r\000e\000\040\000g\000\351\000n\000\351\000r\000a\000l\000e}{chapter.3}% 45
\BOOKMARK [2][-]{subsection.3.1.1}{\376\377\000R\000\351\000c\000a\000p\000i\000t\000u\000l\000a\000t\000i\000f}{section.3.1}% 46
\BOOKMARK [1][-]{section.3.2}{\376\377\000F\000l\000u\000x\000\040\000m\000\351\000t\000i\000e\000r\000\040\000g\000l\000o\000b\000a\000l}{chapter.3}% 47
\BOOKMARK [1][-]{section.3.3}{\376\377\000M\000o\000d\000\350\000l\000e\000\040\000d\000e\000\040\000d\000o\000n\000n\000\351\000e\000s}{chapter.3}% 48
\BOOKMARK [2][-]{subsection.3.3.1}{\376\377\000R\000\351\000c\000a\000p\000i\000t\000u\000l\000a\000t\000i\000f}{section.3.3}% 49
\BOOKMARK [1][-]{section.3.4}{\376\377\000D\000i\000a\000g\000r\000a\000m\000m\000e\000\040\000d\000e\000\040\000c\000a\000s\000\040\000d\000'\000u\000t\000i\000l\000i\000s\000a\000t\000i\000o\000n}{chapter.3}% 50
\BOOKMARK [2][-]{subsection.3.4.1}{\376\377\000R\000\351\000c\000a\000p\000i\000t\000u\000l\000a\000t\000i\000f}{section.3.4}% 51
\BOOKMARK [1][-]{section.3.5}{\376\377\000A\000r\000c\000h\000i\000t\000e\000c\000t\000u\000r\000e\000\040\000d\000u\000\040\000p\000i\000p\000e\000l\000i\000n\000e\000\040\000d\000'\000a\000p\000p\000r\000e\000n\000t\000i\000s\000s\000a\000g\000e\000\040\000a\000u\000t\000o\000m\000a\000t\000i\000q\000u\000e}{chapter.3}% 52
\BOOKMARK [2][-]{subsection.3.5.1}{\376\377\000C\000a\000d\000r\000a\000g\000e\000\040\000d\000u\000\040\000p\000r\000o\000b\000l\000\350\000m\000e\000\040\000e\000t\000\040\000s\000t\000r\000a\000t\000\351\000g\000i\000e\000\040\000d\000e\000\040\000m\000a\000i\000n\000t\000e\000n\000a\000n\000c\000e}{section.3.5}% 53
\BOOKMARK [2][-]{subsection.3.5.2}{\376\377\000D\000o\000n\000n\000\351\000e\000s\000\040\000d\000'\000e\000n\000t\000r\000a\000\356\000n\000e\000m\000e\000n\000t\000\040\000:\000\040\000l\000e\000\040\000j\000e\000u\000\040\000d\000e\000\040\000d\000o\000n\000n\000\351\000e\000s\000\040\000A\000I\0004\000I\000\040\0002\0000\0002\0000}{section.3.5}% 54
\BOOKMARK [2][-]{subsection.3.5.3}{\376\377\000Q\000u\000a\000l\000i\000t\000\351\000\040\000d\000e\000s\000\040\000d\000o\000n\000n\000\351\000e\000s\000\040\000e\000t\000\040\000m\000\351\000t\000h\000o\000d\000o\000l\000o\000g\000i\000e\000\040\000d\000e\000\040\000v\000a\000l\000i\000d\000a\000t\000i\000o\000n}{section.3.5}% 55
\BOOKMARK [2][-]{subsection.3.5.4}{\376\377\000L\000e\000s\000\040\000s\000e\000p\000t\000\040\000m\000o\000d\000\350\000l\000e\000s\000\040\000d\000e\000\040\000p\000r\000\351\000d\000i\000c\000t\000i\000o\000n}{section.3.5}% 56
\BOOKMARK [2][-]{subsection.3.5.5}{\376\377\000M\000o\000d\000\350\000l\000e\000s\000\040\000d\000e\000\040\000t\000r\000a\000i\000t\000e\000m\000e\000n\000t\000\040\000d\000e\000\040\000s\000i\000g\000n\000a\000l\000\040\000W\000a\000v\000e\000\040\0002}{section.3.5}% 57
\BOOKMARK [2][-]{subsection.3.5.6}{\376\377\000F\000u\000s\000i\000o\000n\000\040\000d\000'\000\351\000v\000i\000d\000e\000n\000c\000e\000\040\000d\000e\000\040\000D\000e\000m\000p\000s\000t\000e\000r\000-\000S\000h\000a\000f\000e\000r}{section.3.5}% 58
\BOOKMARK [2][-]{subsection.3.5.7}{\376\377\000D\000\351\000r\000o\000u\000l\000e\000m\000e\000n\000t\000\040\000d\000'\000u\000n\000e\000\040\000r\000e\000q\000u\000\352\000t\000e\000\040\000d\000'\000i\000n\000f\000\351\000r\000e\000n\000c\000e\000\040\000e\000n\000\040\000d\000i\000r\000e\000c\000t}{section.3.5}% 59
\BOOKMARK [2][-]{subsection.3.5.8}{\376\377\000T\000r\000a\000i\000t\000e\000m\000e\000n\000t\000\040\000e\000n\000\040\000a\000v\000a\000l\000\040\000:\000\040\000d\000i\000s\000p\000o\000n\000i\000b\000i\000l\000i\000t\000\351\000,\000\040\000a\000l\000e\000r\000t\000e\000s\000\040\000e\000t\000\040\000a\000p\000p\000r\000o\000v\000i\000s\000i\000o\000n\000n\000e\000m\000e\000n\000t}{section.3.5}% 60
\BOOKMARK [2][-]{subsection.3.5.9}{\376\377\000R\000\351\000c\000a\000p\000i\000t\000u\000l\000a\000t\000i\000f}{section.3.5}% 61
\BOOKMARK [1][-]{section.3.6}{\376\377\000A\000r\000c\000h\000i\000t\000e\000c\000t\000u\000r\000e\000\040\000d\000u\000\040\000s\000e\000r\000v\000i\000c\000e\000\040\000R\000A\000G\000\040\000e\000t\000\040\000d\000u\000\040\000p\000o\000n\000t\000\040\000M\000L}{chapter.3}% 62
\BOOKMARK [2][-]{subsection.3.6.1}{\376\377\000R\000\351\000c\000a\000p\000i\000t\000u\000l\000a\000t\000i\000f}{section.3.6}% 63
\BOOKMARK [1][-]{section.3.7}{\376\377\000P\000i\000p\000e\000l\000i\000n\000e\000\040\000d\000'\000i\000n\000g\000e\000s\000t\000i\000o\000n\000\040\000d\000o\000c\000u\000m\000e\000n\000t\000a\000i\000r\000e}{chapter.3}% 64
\BOOKMARK [2][-]{subsection.3.7.1}{\376\377\000R\000\351\000c\000a\000p\000i\000t\000u\000l\000a\000t\000i\000f}{section.3.7}% 65
\BOOKMARK [1][-]{section.3.8}{\376\377\000F\000l\000u\000x\000\040\000d\000e\000\040\000r\000e\000q\000u\000\352\000t\000e\000\040\000d\000e\000\040\000b\000o\000u\000t\000\040\000e\000n\000\040\000b\000o\000u\000t}{chapter.3}% 66
\BOOKMARK [1][-]{section.3.9}{\376\377\000C\000h\000o\000i\000x\000\040\000t\000e\000c\000h\000n\000o\000l\000o\000g\000i\000q\000u\000e\000s}{chapter.3}% 67
\BOOKMARK [0][-]{chapter.4}{\376\377\000R\000\351\000a\000l\000i\000s\000a\000t\000i\000o\000n}{}% 68
\BOOKMARK [1][-]{section.4.1}{\376\377\000R\000\351\000a\000l\000i\000s\000a\000t\000i\000o\000n\000\040\000d\000u\000\040\000b\000a\000c\000k\000e\000n\000d}{chapter.4}% 69
\BOOKMARK [2][-]{subsection.4.1.1}{\376\377\000F\000l\000u\000x\000\040\000d\000e\000\040\000p\000l\000a\000n\000i\000f\000i\000c\000a\000t\000i\000o\000n\000\040\000d\000e\000\040\000l\000a\000\040\000m\000a\000i\000n\000t\000e\000n\000a\000n\000c\000e}{section.4.1}% 70
\BOOKMARK [2][-]{subsection.4.1.2}{\376\377\000F\000l\000u\000x\000\040\000d\000e\000\040\000d\000e\000m\000a\000n\000d\000e\000\040\000d\000'\000i\000n\000t\000e\000r\000v\000e\000n\000t\000i\000o\000n}{section.4.1}% 71
\BOOKMARK [2][-]{subsection.4.1.3}{\376\377\000C\000y\000c\000l\000e\000\040\000d\000e\000\040\000v\000i\000e\000\040\000d\000e\000\040\000l\000'\000o\000r\000d\000r\000e\000\040\000d\000e\000\040\000t\000r\000a\000v\000a\000i\000l}{section.4.1}% 72
\BOOKMARK [2][-]{subsection.4.1.4}{\376\377\000S\000y\000s\000t\000\350\000m\000e\000\040\000d\000e\000\040\000r\000\351\000s\000e\000r\000v\000a\000t\000i\000o\000n\000\040\000d\000e\000\040\000s\000t\000o\000c\000k}{section.4.1}% 73
\BOOKMARK [2][-]{subsection.4.1.5}{\376\377\000R\000\351\000c\000a\000p\000i\000t\000u\000l\000a\000t\000i\000f}{section.4.1}% 74
\BOOKMARK [1][-]{section.4.2}{\376\377\000R\000\351\000a\000l\000i\000s\000a\000t\000i\000o\000n\000\040\000d\000u\000\040\000f\000r\000o\000n\000t\000e\000n\000d}{chapter.4}% 75
\BOOKMARK [2][-]{subsection.4.2.1}{\376\377\000R\000\351\000c\000a\000p\000i\000t\000u\000l\000a\000t\000i\000f}{section.4.2}% 76
\BOOKMARK [1][-]{section.4.3}{\376\377\000R\000\351\000a\000l\000i\000s\000a\000t\000i\000o\000n\000\040\000d\000u\000\040\000p\000i\000p\000e\000l\000i\000n\000e\000\040\000d\000'\000a\000p\000p\000r\000e\000n\000t\000i\000s\000s\000a\000g\000e\000\040\000a\000u\000t\000o\000m\000a\000t\000i\000q\000u\000e}{chapter.4}% 77
\BOOKMARK [2][-]{subsection.4.3.1}{\376\377\000R\000\351\000c\000a\000p\000i\000t\000u\000l\000a\000t\000i\000f}{section.4.3}% 78
\BOOKMARK [1][-]{section.4.4}{\376\377\000R\000\351\000a\000l\000i\000s\000a\000t\000i\000o\000n\000\040\000d\000u\000\040\000s\000e\000r\000v\000i\000c\000e\000\040\000R\000A\000G\000\040\000e\000t\000\040\000d\000u\000\040\000p\000o\000n\000t\000\040\000c\000o\000n\000v\000e\000r\000s\000a\000t\000i\000o\000n\000n\000e\000l}{chapter.4}% 79
\BOOKMARK [2][-]{subsection.4.4.1}{\376\377\000R\000\351\000c\000a\000p\000i\000t\000u\000l\000a\000t\000i\000f}{section.4.4}% 80
\BOOKMARK [1][-]{section.4.5}{\376\377\000P\000l\000a\000n\000\040\000d\000e\000\040\000d\000\351\000p\000l\000o\000i\000e\000m\000e\000n\000t\000\040\000p\000i\000l\000o\000t\000e\000\040\000\050\000P\000D\000C\000A\000\051}{chapter.4}% 81
\BOOKMARK [1][-]{section.4.6}{\376\377\000D\000\351\000p\000l\000o\000i\000e\000m\000e\000n\000t\000\040\000e\000n\000\040\000p\000r\000o\000d\000u\000c\000t\000i\000o\000n}{chapter.4}% 82
\BOOKMARK [1][-]{section.4.7}{\376\377\000D\000i\000f\000f\000i\000c\000u\000l\000t\000\351\000s\000\040\000t\000e\000c\000h\000n\000i\000q\000u\000e\000s\000\040\000r\000e\000n\000c\000o\000n\000t\000r\000\351\000e\000s}{chapter.4}% 83
\BOOKMARK [0][-]{chapter.5}{\376\377\000T\000e\000s\000t\000s\000\040\000e\000t\000\040\000R\000\351\000s\000u\000l\000t\000a\000t\000s}{}% 84
\BOOKMARK [1][-]{section.5.1}{\376\377\000S\000t\000r\000a\000t\000\351\000g\000i\000e\000\040\000d\000e\000\040\000t\000e\000s\000t}{chapter.5}% 85
\BOOKMARK [1][-]{section.5.2}{\376\377\000\311\000v\000a\000l\000u\000a\000t\000i\000o\000n\000\040\000d\000e\000s\000\040\000m\000o\000d\000\350\000l\000e\000s\000\040\000d\000'\000a\000p\000p\000r\000e\000n\000t\000i\000s\000s\000a\000g\000e\000\040\000a\000u\000t\000o\000m\000a\000t\000i\000q\000u\000e}{chapter.5}% 86
\BOOKMARK [2][-]{subsection.5.2.1}{\376\377\000M\000\351\000t\000h\000o\000d\000o\000l\000o\000g\000i\000e\000\040\000d\000e\000\040\000v\000a\000l\000i\000d\000a\000t\000i\000o\000n}{section.5.2}% 87
\BOOKMARK [2][-]{subsection.5.2.2}{\376\377\000Q\000u\000a\000l\000i\000t\000\351\000\040\000d\000e\000s\000\040\000\351\000t\000i\000q\000u\000e\000t\000t\000e\000s\000\040\000e\000t\000\040\000s\000t\000a\000t\000u\000t\000\040\000d\000e\000\040\000v\000a\000l\000i\000d\000a\000t\000i\000o\000n}{section.5.2}% 88
\BOOKMARK [2][-]{subsection.5.2.3}{\376\377\000M\000\351\000t\000r\000i\000q\000u\000e\000s\000\040\000d\000e\000s\000\040\000m\000o\000d\000\350\000l\000e\000s\000\040\000v\000a\000l\000i\000d\000\351\000s}{section.5.2}% 89
\BOOKMARK [2][-]{subsection.5.2.4}{\376\377\000S\000t\000r\000a\000t\000\351\000g\000i\000e\000\040\000d\000e\000\040\000r\000\351\000e\000n\000t\000r\000a\000\356\000n\000e\000m\000e\000n\000t}{section.5.2}% 90
\BOOKMARK [2][-]{subsection.5.2.5}{\376\377\000C\000e\000\040\000q\000u\000e\000\040\000d\000e\000s\000\040\000d\000o\000n\000n\000\351\000e\000s\000\040\000r\000\351\000e\000l\000l\000e\000s\000\040\000p\000e\000r\000m\000e\000t\000t\000r\000a\000i\000e\000n\000t\000\040\000d\000e\000\040\000d\000\351\000b\000l\000o\000q\000u\000e\000r}{section.5.2}% 91
\BOOKMARK [2][-]{subsection.5.2.6}{\376\377\000R\000\351\000c\000a\000p\000i\000t\000u\000l\000a\000t\000i\000f}{section.5.2}% 92
\BOOKMARK [1][-]{section.5.3}{\376\377\000D\000\351\000m\000o\000n\000s\000t\000r\000a\000t\000i\000o\000n\000s\000\040\000d\000e\000\040\000c\000a\000s\000\040\000d\000'\000u\000t\000i\000l\000i\000s\000a\000t\000i\000o\000n}{chapter.5}% 93
\BOOKMARK [2][-]{subsection.5.3.1}{\376\377\000R\000\351\000c\000a\000p\000i\000t\000u\000l\000a\000t\000i\000f}{section.5.3}% 94
\BOOKMARK [1][-]{section.5.4}{\376\377\000D\000i\000f\000f\000i\000c\000u\000l\000t\000\351\000s\000\040\000r\000e\000n\000c\000o\000n\000t\000r\000\351\000e\000s\000\040\000l\000o\000r\000s\000\040\000d\000e\000s\000\040\000t\000e\000s\000t\000s}{chapter.5}% 95
\BOOKMARK [0][-]{chapter*.117}{\376\377\000C\000o\000n\000c\000l\000u\000s\000i\000o\000n\000\040\000G\000\351\000n\000\351\000r\000a\000l\000e}{}% 96
\BOOKMARK [0][-]{chapter*.118}{\376\377\000B\000i\000b\000l\000i\000o\000g\000r\000a\000p\000h\000i\000e\000\040\000/\000\040\000N\000e\000t\000o\000g\000r\000a\000p\000h\000i\000e}{}% 97
\BOOKMARK [0][-]{appendix.A}{\376\377\000A\000n\000n\000e\000x\000e\000s}{}% 98
\BOOKMARK [1][-]{section.A.1}{\376\377\000E\000x\000t\000r\000a\000i\000t\000s\000\040\000d\000e\000\040\000c\000o\000d\000e\000\040\000s\000\351\000l\000e\000c\000t\000i\000o\000n\000n\000\351\000s}{appendix.A}% 99
\BOOKMARK [1][-]{section.A.2}{\376\377\000D\000i\000a\000g\000r\000a\000m\000m\000e\000s\000\040\000d\000\351\000t\000a\000i\000l\000l\000\351\000s}{appendix.A}% 100
\BOOKMARK [1][-]{section.A.3}{\376\377\000T\000a\000b\000l\000e\000a\000u\000x\000\040\000d\000e\000\040\000m\000\351\000t\000r\000i\000q\000u\000e\000s\000\040\000c\000o\000m\000p\000l\000e\000t\000s}{appendix.A}% 101
